<?xml version="1.0" encoding="utf-8"?><testsuites><testsuite name="pytest" errors="0" failures="0" skipped="0" tests="0" time="0.384" timestamp="2021-10-19T09:06:00.670781" hostname="bibigrid-master-jdzmrjtottq9ctr" /></testsuites>